\documentclass[a4paper,russian]{article}
% generated by Docutils <https://docutils.sourceforge.io/>
\usepackage{cmap} % fix search and cut-and-paste in Acrobat
\usepackage[T1,T2A]{fontenc}
\usepackage[english,main=russian]{babel}
\setcounter{secnumdepth}{0}

%%% Custom LaTeX preamble
% PDF Standard Fonts
\usepackage{mathptmx} % Times
\usepackage[scaled=.90]{helvet}
\usepackage{courier}

%%% User specified packages and stylesheets
\usepackage{cmlgc}

%%% Fallback definitions for Docutils-specific commands

% hyperlinks:
\ifdefined\hypersetup
\else
  \usepackage[hyperfootnotes=false,
              colorlinks=true,linkcolor=blue,urlcolor=blue]{hyperref}
  \usepackage{bookmark}
  \urlstyle{same} % normal text font (alternatives: tt, rm, sf)
\fi
\hypersetup{
  pdflang={ru},
}

%%% Body
\begin{document}


\section{Заголовок%
  \label{section-1}%
}

первый пример: «Здравствуй, мир!»


\section{Title%
  \label{title}%
}

\foreignlanguage{english}{first example: “Hello world”.}


\section{Примечания%
  \label{section-2}%
}

Этот документ испытивает изображение LaTeXом кириллических букв.

\foreignlanguage{english}{This document tests the rendering of Latin and Cyrillic characters by the
LaTeX and XeTeX writers. Check the compiled PDF for garbage characters in
text and bookmarks.}

\end{document}
