<!DOCTYPE html>
<html xmlns="http://www.w3.org/1999/xhtml" xml:lang="en" lang="en">
<head>
<meta charset="utf-8" />
<meta name="generator" content="Docutils 0.22rc4: https://docutils.sourceforge.io/" />
<meta name="viewport" content="width=device-width, initial-scale=1" />
<title>Test footnote and citation rendering</title>
<link rel="stylesheet" href="../input/data/minimal.css" type="text/css" />
<link rel="stylesheet" href="../input/data/responsive.css" type="text/css" />
</head>
<body>
<main id="test-footnote-and-citation-rendering">
<h1 class="title">Test footnote and citation rendering</h1>

<p>Paragraphs may contain footnote references (manually numbered<a class="superscript" href="#footnote-1" id="footnote-reference-1" role="doc-noteref"><span class="fn-bracket">[</span>1<span class="fn-bracket">]</span></a>, anonymous auto-numbered<a class="superscript" href="#footnote-2" id="footnote-reference-2" role="doc-noteref"><span class="fn-bracket">[</span>3<span class="fn-bracket">]</span></a>, labeled auto-numbered<a class="superscript" href="#label" id="footnote-reference-3" role="doc-noteref"><span class="fn-bracket">[</span>2<span class="fn-bracket">]</span></a>, or
symbolic<a class="superscript" href="#footnote-3" id="footnote-reference-4" role="doc-noteref"><span class="fn-bracket">[</span>*<span class="fn-bracket">]</span></a>) or citation references (<a class="citation-reference" href="#cit2002" id="citation-reference-1" role="doc-biblioref">[CIT2002]</a>, <a class="citation-reference" href="#du2015" id="citation-reference-2" role="doc-biblioref">[DU2015]</a>).</p>
<aside class="footnote-list superscript">
<aside class="footnote superscript" id="footnote-1" role="doc-footnote">
<span class="label"><span class="fn-bracket">[</span>1<span class="fn-bracket">]</span></span>
<span class="backrefs">(<a role="doc-backlink" href="#footnote-reference-1">1</a>,<a role="doc-backlink" href="#footnote-reference-5">2</a>)</span>
<p>A footnote contains body elements, consistently indented by at
least 1 space.</p>
<p>This is the footnote's second paragraph.</p>
</aside>
<aside class="footnote superscript" id="label" role="doc-footnote">
<span class="label"><span class="fn-bracket">[</span>2<span class="fn-bracket">]</span></span>
<span class="backrefs">(<a role="doc-backlink" href="#footnote-reference-3">1</a>,<a role="doc-backlink" href="#footnote-reference-6">2</a>)</span>
<p>Footnotes may be numbered, either manually (as in<a class="superscript" href="#footnote-1" id="footnote-reference-5" role="doc-noteref"><span class="fn-bracket">[</span>1<span class="fn-bracket">]</span></a>) or
automatically using a &quot;#&quot;-prefixed label.  This footnote has a
label so it can be referred to from multiple places, both as a
footnote reference (<a class="superscript" href="#label" id="footnote-reference-6" role="doc-noteref"><span class="fn-bracket">[</span>2<span class="fn-bracket">]</span></a>) and as a <a class="reference internal" href="#label">hyperlink reference</a>.</p>
</aside>
<aside class="footnote superscript" id="footnote-2" role="doc-footnote">
<span class="label"><span class="fn-bracket">[</span><a role="doc-backlink" href="#footnote-reference-2">3</a><span class="fn-bracket">]</span></span>
<p>This footnote is numbered automatically and anonymously using a
label of &quot;#&quot; only.</p>
<p>This is the second paragraph.</p>
<p>And this is the third paragraph.</p>
</aside>
<aside class="footnote superscript" id="footnote-3" role="doc-footnote">
<span class="label"><span class="fn-bracket">[</span><a role="doc-backlink" href="#footnote-reference-4">*</a><span class="fn-bracket">]</span></span>
<p>Footnotes may also use symbols, specified with a &quot;*&quot; label.
Here's a reference to the next footnote:<a class="superscript" href="#footnote-4" id="footnote-reference-7" role="doc-noteref"><span class="fn-bracket">[</span>†<span class="fn-bracket">]</span></a>.</p>
</aside>
<aside class="footnote superscript" id="footnote-4" role="doc-footnote">
<span class="label"><span class="fn-bracket">[</span><a role="doc-backlink" href="#footnote-reference-7">†</a><span class="fn-bracket">]</span></span>
<p>This footnote shows the next symbol in the sequence.</p>
</aside>
<aside class="footnote superscript" id="footnote-5" role="doc-footnote">
<span class="label"><span class="fn-bracket">[</span>4<span class="fn-bracket">]</span></span>
<p>Here's an unreferenced footnote, with a reference to a
nonexistent footnote:<a class="superscript" href="#footnote-6" id="footnote-reference-8" role="doc-noteref"><span class="fn-bracket">[</span>5<span class="fn-bracket">]</span></a>.</p>
</aside>
</aside>
<section id="citations">
<h2>Citations<a class="self-link" title="link to this section" href="#citations"></a></h2>
<div role="list" class="citation-list">
<div class="citation" id="cit2002" role="doc-biblioentry">
<span class="label"><span class="fn-bracket">[</span>CIT2002<span class="fn-bracket">]</span></span>
<span class="backrefs">(<a role="doc-backlink" href="#citation-reference-1">1</a>,<a role="doc-backlink" href="#citation-reference-3">2</a>)</span>
<p>Citations are text-labeled footnotes. They may be
rendered separately and differently from footnotes.</p>
</div>
<div class="citation" id="du2015" role="doc-biblioentry">
<span class="label"><span class="fn-bracket">[</span><a role="doc-backlink" href="#citation-reference-2">DU2015</a><span class="fn-bracket">]</span></span>
<p><cite>Example document</cite>, Hometown: 2015.</p>
</div>
</div>
<p>Here's a reference to the above, <a class="citation-reference" href="#cit2002" id="citation-reference-3" role="doc-biblioref">[CIT2002]</a>.</p>
<aside class="footnote-list superscript">
<aside class="footnote superscript" id="footnote-6" role="doc-footnote">
<span class="label"><span class="fn-bracket">[</span><a role="doc-backlink" href="#footnote-reference-8">5</a><span class="fn-bracket">]</span></span>
<p>this footnote is missing in the standard example document.</p>
</aside>
</aside>
<p>Footnotes may contain block elements like lists<a class="superscript" href="#footnote-7" id="footnote-reference-9" role="doc-noteref"><span class="fn-bracket">[</span>6<span class="fn-bracket">]</span></a><a class="superscript" href="#list-note" id="footnote-reference-10" role="doc-noteref"><span class="fn-bracket">[</span>7<span class="fn-bracket">]</span></a><a class="superscript" href="#footnote-8" id="footnote-reference-11" role="doc-noteref"><span class="fn-bracket">[</span>8<span class="fn-bracket">]</span></a>,
admonitions<a class="superscript" href="#footnote-9" id="footnote-reference-12" role="doc-noteref"><span class="fn-bracket">[</span>9<span class="fn-bracket">]</span></a>, or tables<a class="superscript" href="#footnote-10" id="footnote-reference-13" role="doc-noteref"><span class="fn-bracket">[</span>10<span class="fn-bracket">]</span></a>.</p>
<aside class="footnote-list superscript">
<aside class="footnote superscript" id="footnote-7" role="doc-footnote">
<span class="label"><span class="fn-bracket">[</span><a role="doc-backlink" href="#footnote-reference-9">6</a><span class="fn-bracket">]</span></span>
<ol class="arabic simple">
<li><p>An ordered list</p></li>
<li><p>in a footnote.</p></li>
</ol>
</aside>
<aside class="footnote superscript" id="list-note" role="doc-footnote">
<span class="label"><span class="fn-bracket">[</span>7<span class="fn-bracket">]</span></span>
<span class="backrefs">(<a role="doc-backlink" href="#footnote-reference-10">1</a>,<a role="doc-backlink" href="#footnote-reference-14">2</a>)</span>
<ul class="simple">
<li><p>An unordered list (bullet list)</p></li>
<li><p>in a footnote.</p></li>
</ul>
<p>And a trailing paragraph.</p>
</aside>
<aside class="footnote superscript" id="footnote-8" role="doc-footnote">
<span class="label"><span class="fn-bracket">[</span><a role="doc-backlink" href="#footnote-reference-11">8</a><span class="fn-bracket">]</span></span>
<dl class="field-list simple">
<dt>Field<span class="colon">:</span></dt>
<dd><p>list</p>
</dd>
<dt>with<span class="colon">:</span></dt>
<dd><p>2 items.</p>
</dd>
</dl>
</aside>
<aside class="footnote superscript" id="footnote-9" role="doc-footnote">
<span class="label"><span class="fn-bracket">[</span><a role="doc-backlink" href="#footnote-reference-12">9</a><span class="fn-bracket">]</span></span>
<aside class="admonition note">
<p class="admonition-title">Note</p>
<p>This is a note in a note.</p>
</aside>
</aside>
<aside class="footnote superscript" id="footnote-10" role="doc-footnote">
<span class="label"><span class="fn-bracket">[</span><a role="doc-backlink" href="#footnote-reference-13">10</a><span class="fn-bracket">]</span></span>
<table>
<tbody>
<tr><td><p>a</p></td>
<td><p>table</p></td>
</tr>
<tr><td><p>in a</p></td>
<td><p>footnote</p></td>
</tr>
</tbody>
</table>
</aside>
</aside>
<p>This<a class="superscript" href="#list-note" id="footnote-reference-14" role="doc-noteref"><span class="fn-bracket">[</span>7<span class="fn-bracket">]</span></a> is a second reference to the footnote containing
a bullet. list.</p>
</section>
</main>
</body>
</html>
